// Jest Snapshot v1, https://goo.gl/fbAQLP

exports[`Probando componente <IpAddressHeader/> debe mostrar el background imagen correcto 1`] = `
<header
  className="w-full h-80 p-7  m-auto z-10"
  style={
    Object {
      "backgroundImage": "url(pattern-bg.png)",
      "backgroundRepeat": "no-repeat",
    }
  }
>
  <h1
    className="  font-rubik font-bold text-white text-xl text-center mb-4"
  >
    IP Address Tracker
  </h1>
  <form
    className="  m-auto flex w-full "
    onSubmit={[Function]}
  >
    <div
      className="flex min-w-200 justify-between bg-white rounded-lg  h-9 m-auto  w-full   "
    >
      <input
        className=" w-full p-2 text-xs bg-transparent outline-none "
        name="ipInput"
        onChange={[Function]}
        placeholder="Search for Any IP Address or Domain"
        type="text"
        value=""
      />
      <button
        className="bg-black h-9 w-9 rounded-r-lg"
        type="submit"
      >
        <img
          alt="iconArrow"
          className="w-3 m-auto"
          src="icon-arrow.svg"
        />
      </button>
    </div>
  </form>
  <section
    className="w-11/12 bg-white p-3 rounded-md mt-5 m-auto flex flex-col"
  >
    <article
      className="m-auto mb-4 uppercase font-rubik "
    >
      <h4
        className="text-colorgray font-bold text-xs tracking-wider text-center"
      >
        IP Address
      </h4>
      <p
        className="font-medium text-xl text-blueBlack"
      >
         
      </p>
    </article>
    <article
      className="m-auto mb-4 uppercase font-rubik "
    >
      <h4
        className="text-colorgray font-bold text-xs tracking-wider text-center"
      >
        Location
      </h4>
      <p
        className="font-medium text-xl text-blueBlack"
      >
         
        , 
      </p>
    </article>
    <article
      className="m-auto mb-4 uppercase font-rubik "
    >
      <h4
        className="text-colorgray font-bold text-xs tracking-wider text-center"
      >
        ISP
      </h4>
      <p
        className="font-medium text-xl text-blueBlack"
      >
         
      </p>
    </article>
  </section>
</header>
`;
